
PS C:\Windows\system32> choco install minikube
>>
Chocolatey v1.1.0
Installing the following packages:
minikube
By installing, you accept licenses for the packages.
Progress: Downloading kubernetes-cli 1.25.0... 100%
Progress: Downloading Minikube 1.26.1... 100%

kubernetes-cli v1.25.0 [Approved]
kubernetes-cli package files install completed. Performing other installation steps.
The package kubernetes-cli wants to run 'chocolateyInstall.ps1'.
Note: If you don't run this script, the installation will fail.
Note: To confirm automatically next time, use '-y' or consider:
choco feature enable -n allowGlobalConfirmation
Do you want to run the script?([Y]es/[A]ll - yes to all/[N]o/[P]rint): A

Extracting 64-bit C:\ProgramData\chocolatey\lib\kubernetes-cli\tools\kubernetes-client-windows-amd64.tar.gz to C:\ProgramData\chocolatey\lib\kubernetes-cli\tools...
C:\ProgramData\chocolatey\lib\kubernetes-cli\tools
Extracting 64-bit C:\ProgramData\chocolatey\lib\kubernetes-cli\tools\kubernetes-client-windows-amd64.tar to C:\ProgramData\chocolatey\lib\kubernetes-cli\tools...
C:\ProgramData\chocolatey\lib\kubernetes-cli\tools
 ShimGen has successfully created a shim for kubectl-convert.exe
 ShimGen has successfully created a shim for kubectl.exe
 The install of kubernetes-cli was successful.
  Software installed to 'C:\ProgramData\chocolatey\lib\kubernetes-cli\tools'

Minikube v1.26.1 [Approved]
minikube package files install completed. Performing other installation steps.
 ShimGen has successfully created a shim for minikube.exe
 The install of minikube was successful.
  Software installed to 'C:\ProgramData\chocolatey\lib\Minikube'

Chocolatey installed 2/2 packages.
 See the log for details (C:\ProgramData\chocolatey\logs\chocolatey.log).
PS C:\Windows\system32> minikube start --driver docker
* minikube v1.26.1 on Microsoft Windows 10 Enterprise 10.0.19044 Build 19044
* Using the docker driver based on user configuration

X Exiting due to PROVIDER_DOCKER_VERSION_EXIT_1: "docker version --format -" exit status 1:
* Documentation: https://minikube.sigs.k8s.io/docs/drivers/docker/

PS C:\Windows\system32> minikube start --driver docker
* minikube v1.26.1 on Microsoft Windows 10 Enterprise 10.0.19044 Build 19044
* Using the docker driver based on user configuration
* Using Docker Desktop driver with root privileges
* Starting control plane node minikube in cluster minikube
* Pulling base image ...
* Downloading Kubernetes v1.24.3 preload ...
    > preloaded-images-k8s-v18-v1...:  405.75 MiB / 405.75 MiB  100.00% 4.11 Mi
    > gcr.io/k8s-minikube/kicbase:  386.61 MiB / 386.61 MiB  100.00% 3.16 MiB p
    > gcr.io/k8s-minikube/kicbase:  0 B [______________________] ?% ? p/s 1m19s
* Creating docker container (CPUs=2, Memory=4000MB) ...
* Preparing Kubernetes v1.24.3 on Docker 20.10.17 ...
  - Generating certificates and keys ...
  - Booting up control plane ...
  - Configuring RBAC rules ...
* Verifying Kubernetes components...
  - Using image gcr.io/k8s-minikube/storage-provisioner:v5
* Enabled addons: storage-provisioner, default-storageclass

! C:\Program Files\Docker\Docker\resources\bin\kubectl.exe is version 1.19.7, which may have incompatibilites with Kubernetes 1.24.3.
  - Want kubectl v1.24.3? Try 'minikube kubectl -- get pods -A'
* Done! kubectl is now configured to use "minikube" cluster and "default" namespace by default
PS C:\Windows\system32> minikube status
minikube
type: Control Plane
host: Running
kubelet: Running
apiserver: Running
kubeconfig: Configured

PS C:\Windows\system32> kubectl get node
NAME       STATUS   ROLES           AGE   VERSION
minikube   Ready    control-plane   52s   v1.24.3
PS C:\Windows\system32> kubectl get nodes
NAME       STATUS   ROLES           AGE   VERSION
minikube   Ready    control-plane   56s   v1.24.3
PS C:\Windows\system32> echo -n mongouser | base64
base64 : The term 'base64' is not recognized as the name of a cmdlet, function, script file, or operable program.
Check the spelling of the name, or if a path was included, verify that the path is correct and try again.
At line:1 char:21
+ echo -n mongouser | base64
+                     ~~~~~~
    + CategoryInfo          : ObjectNotFound: (base64:String) [], CommandNotFoundException
    + FullyQualifiedErrorId : CommandNotFoundException

PS C:\Windows\system32> echo -n mongouser |base64
base64 : The term 'base64' is not recognized as the name of a cmdlet, function, script file, or operable program.
Check the spelling of the name, or if a path was included, verify that the path is correct and try again.
At line:1 char:20
+ echo -n mongouser |base64
+                    ~~~~~~
    + CategoryInfo          : ObjectNotFound: (base64:String) [], CommandNotFoundException
    + FullyQualifiedErrorId : CommandNotFoundException

PS C:\Windows\system32> kubectl get pod
No resources found in default namespace.
PS C:\Windows\system32> cd C:\Users\VibhorSharma\Desktop\minikube
PS C:\Users\VibhorSharma\Desktop\minikube> kubctl apply -f mongo-config.yaml
kubctl : The term 'kubctl' is not recognized as the name of a cmdlet, function, script file, or operable program.
Check the spelling of the name, or if a path was included, verify that the path is correct and try again.
At line:1 char:1
+ kubctl apply -f mongo-config.yaml
+ ~~~~~~
    + CategoryInfo          : ObjectNotFound: (kubctl:String) [], CommandNotFoundException
    + FullyQualifiedErrorId : CommandNotFoundException

PS C:\Users\VibhorSharma\Desktop\minikube> kubectl apply -f mongo-config.yaml
configmap/mongo-config created
PS C:\Users\VibhorSharma\Desktop\minikube> kubectl apply -f mongo-secret.yaml
The Secret "mongo-secret" is invalid: data[mongo:user]: Invalid value: "mongo:user": a valid config key must consist of alphanumeric characters, '-', '_' or '.' (e.g. 'key.name',  or 'KEY_NAME',  or 'key-name', regex used for validation is '[-._a-zA-Z0-9]+')
PS C:\Users\VibhorSharma\Desktop\minikube> kubectl apply -f mongo-secret.yaml
secret/mongo-secret created
PS C:\Users\VibhorSharma\Desktop\minikube> kubectl apply -f mongo.yaml
deployment.apps/mongo-deployment created
service/mongo-service created
PS C:\Users\VibhorSharma\Desktop\minikube> kubectl apply -f webapp.yaml
error: error parsing webapp.yaml: error converting YAML to JSON: yaml: line 24: mapping values are not allowed in this context
PS C:\Users\VibhorSharma\Desktop\minikube> kubectl apply -f webapp.yaml
error: error parsing webapp.yaml: error converting YAML to JSON: yaml: line 24: mapping values are not allowed in this context
PS C:\Users\VibhorSharma\Desktop\minikube> kubectl apply -f webapp.yaml
error: error parsing webapp.yaml: error converting YAML to JSON: yaml: line 24: mapping values are not allowed in this context
PS C:\Users\VibhorSharma\Desktop\minikube> kubectl apply -f webapp.yaml
error: error validating "webapp.yaml": error validating data: ValidationError(Deployment.spec.template): unknown field "env" in io.k8s.api.core.v1.PodTemplateSpec; if you choose to ignore these errors, turn validation off with --validate=false
PS C:\Users\VibhorSharma\Desktop\minikube> kubectl apply -f webapp.yaml
error: error validating "webapp.yaml": error validating data: ValidationError(Deployment.spec.template.spec): unknown field "env" in io.k8s.api.core.v1.PodSpec; if you choose to ignore these errors, turn validation off with --validate=false
PS C:\Users\VibhorSharma\Desktop\minikube> kubectl apply -f webapp.yaml
service/webapp-service created
The Deployment "webapp-deployment" is invalid: spec.template.spec.containers[0].env[2].valueFrom.configMapKeyRef.name: Invalid value: "mongo_config": a lowercase RFC 1123 subdomain must consist of lower case alphanumeric characters, '-' or '.', and must start and end with an alphanumeric character (e.g. 'example.com', regex used for validation is '[a-z0-9]([-a-z0-9]*[a-z0-9])?(\.[a-z0-9]([-a-z0-9]*[a-z0-9])?)*')
PS C:\Users\VibhorSharma\Desktop\minikube> kubectl apply -f webapp.yaml
deployment.apps/webapp-deployment created
service/webapp-service unchanged
PS C:\Users\VibhorSharma\Desktop\minikube> kubectl get all
NAME                                     READY   STATUS    RESTARTS   AGE
pod/mongo-deployment-7d4d5c9f6c-2dxg7    1/1     Running   0          8m24s
pod/webapp-deployment-649d7fb885-knbpj   1/1     Running   0          27s

NAME                     TYPE        CLUSTER-IP      EXTERNAL-IP   PORT(S)          AGE
service/kubernetes       ClusterIP   10.96.0.1       <none>        443/TCP          62m
service/mongo-service    ClusterIP   10.98.229.32    <none>        27017/TCP        8m25s
service/webapp-service   NodePort    10.108.23.223   <none>        3000:30100/TCP   107s

NAME                                READY   UP-TO-DATE   AVAILABLE   AGE
deployment.apps/mongo-deployment    1/1     1            1           8m25s
deployment.apps/webapp-deployment   1/1     1            1           27s

NAME                                           DESIRED   CURRENT   READY   AGE
replicaset.apps/mongo-deployment-7d4d5c9f6c    1         1         1       8m25s
replicaset.apps/webapp-deployment-649d7fb885   1         1         1       27s
PS C:\Users\VibhorSharma\Desktop\minikube> kubectl get configmap
NAME               DATA   AGE
kube-root-ca.crt   1      62m
mongo-config       1      10m
PS C:\Users\VibhorSharma\Desktop\minikube> kubectl get secret
NAME           TYPE     DATA   AGE
mongo-secret   Opaque   2      9m31s
PS C:\Users\VibhorSharma\Desktop\minikube> kubectl describe service webapp-service
Name:                     webapp-service
Namespace:                default
Labels:                   <none>
Annotations:              <none>
Selector:                 app=webapp
Type:                     NodePort
IP:                       10.108.23.223
Port:                     <unset>  3000/TCP
TargetPort:               3000/TCP
NodePort:                 <unset>  30100/TCP
Endpoints:                172.17.0.4:3000
Session Affinity:         None
External Traffic Policy:  Cluster
Events:                   <none>
PS C:\Users\VibhorSharma\Desktop\minikube> kubectl get pod
NAME                                 READY   STATUS    RESTARTS   AGE
mongo-deployment-7d4d5c9f6c-2dxg7    1/1     Running   0          11m
webapp-deployment-649d7fb885-knbpj   1/1     Running   0          3m19s
PS C:\Users\VibhorSharma\Desktop\minikube> kubectl get svc
NAME             TYPE        CLUSTER-IP      EXTERNAL-IP   PORT(S)          AGE
kubernetes       ClusterIP   10.96.0.1       <none>        443/TCP          65m
mongo-service    ClusterIP   10.98.229.32    <none>        27017/TCP        11m
webapp-service   NodePort    10.108.23.223   <none>        3000:30100/TCP   5m4s
PS C:\Users\VibhorSharma\Desktop\minikube> minikube ip
192.168.49.2
PS C:\Users\VibhorSharma\Desktop\minikube> kubectl get node -o wide
NAME       STATUS   ROLES           AGE   VERSION   INTERNAL-IP    EXTERNAL-IP   OS-IMAGE             KERNEL-VERSION                       CONTAINER-RUNTIME
minikube   Ready    control-plane   66m   v1.24.3   192.168.49.2   <none>        Ubuntu 20.04.4 LTS   5.10.102.1-microsoft-standard-WSL2   docker://20.10.17
PS C:\Users\VibhorSharma\Desktop\minikube> minikube ip
192.168.49.2
PS C:\Users\VibhorSharma\Desktop\minikube> minikube stop
* Stopping node "minikube"  ...
* Powering off "minikube" via SSH ...
* 1 node stopped.
PS C:\Users\VibhorSharma\Desktop\minikube> minikube delete
* Deleting "minikube" in docker ...
* Deleting container "minikube" ...
* Removing C:\Users\VibhorSharma\.minikube\machines\minikube ...
* Removed all traces of the "minikube" cluster.
PS C:\Users\VibhorSharma\Desktop\minikube> minikube start --vm-driver=hyperkit
* minikube v1.26.1 on Microsoft Windows 10 Enterprise 10.0.19044 Build 19044

X Exiting due to DRV_UNSUPPORTED_OS: The driver 'hyperkit' is not supported on windows/amd64

PS C:\Users\VibhorSharma\Desktop\minikube> minikube start --driver=hyperv
* minikube v1.26.1 on Microsoft Windows 10 Enterprise 10.0.19044 Build 19044
* Using the hyperv driver based on user configuration
* Downloading VM boot image ...
    > minikube-v1.26.1-amd64.iso....:  65 B / 65 B [---------] 100.00% ? p/s 0s
    > minikube-v1.26.1-amd64.iso:  270.83 MiB / 270.83 MiB  100.00% 6.16 MiB p/
* Starting control plane node minikube in cluster minikube
* Creating hyperv VM (CPUs=2, Memory=4000MB, Disk=20000MB) ...
! StartHost failed, but will try again: creating host: create: precreate: Hyper-V PowerShell Module is not available
* Creating hyperv VM (CPUs=2, Memory=4000MB, Disk=20000MB) ...
* Failed to start hyperv VM. Running "minikube delete" may fix it: creating host: create: precreate: Hyper-V PowerShell Module is not available

X Exiting due to PR_HYPERV_MODULE_NOT_INSTALLED: Failed to start host: creating host: create: precreate: Hyper-V PowerShell Module is not available
* Suggestion: Run: 'Enable-WindowsOptionalFeature -Online -FeatureName Microsoft-Hyper-V-Tools -All'
* Documentation: https://www.altaro.com/hyper-v/install-hyper-v-powershell-module/
* Related issue: https://github.com/kubernetes/minikube/issues/9040

PS C:\Users\VibhorSharma\Desktop\minikube> minikube delete
* Removed all traces of the "minikube" cluster.
PS C:\Users\VibhorSharma\Desktop\minikube> minikube start --driver=hyperv
* minikube v1.26.1 on Microsoft Windows 10 Enterprise 10.0.19044 Build 19044
* Using the hyperv driver based on user configuration
* Starting control plane node minikube in cluster minikube
* Creating hyperv VM (CPUs=2, Memory=4000MB, Disk=20000MB) ...
! StartHost failed, but will try again: creating host: create: precreate: Hyper-V PowerShell Module is not available
* Creating hyperv VM (CPUs=2, Memory=4000MB, Disk=20000MB) ...
* Failed to start hyperv VM. Running "minikube delete" may fix it: creating host: create: precreate: Hyper-V PowerShell Module is not available

X Exiting due to PR_HYPERV_MODULE_NOT_INSTALLED: Failed to start host: creating host: create: precreate: Hyper-V PowerShell Module is not available
* Suggestion: Run: 'Enable-WindowsOptionalFeature -Online -FeatureName Microsoft-Hyper-V-Tools -All'
* Documentation: https://www.altaro.com/hyper-v/install-hyper-v-powershell-module/
* Related issue: https://github.com/kubernetes/minikube/issues/9040

PS C:\Users\VibhorSharma\Desktop\minikube> minikube delete
* Removed all traces of the "minikube" cluster.
PS C:\Users\VibhorSharma\Desktop\minikube> minikube start --driver=hyperv
* minikube v1.26.1 on Microsoft Windows 10 Enterprise 10.0.19044 Build 19044
* Using the hyperv driver based on user configuration
* Starting control plane node minikube in cluster minikube
* Creating hyperv VM (CPUs=2, Memory=4000MB, Disk=20000MB) ...
! StartHost failed, but will try again: creating host: create: precreate: Hyper-V PowerShell Module is not available
* Creating hyperv VM (CPUs=2, Memory=4000MB, Disk=20000MB) ...
* Failed to start hyperv VM. Running "minikube delete" may fix it: creating host: create: precreate: Hyper-V PowerShell Module is not available

X Exiting due to PR_HYPERV_MODULE_NOT_INSTALLED: Failed to start host: creating host: create: precreate: Hyper-V PowerShell Module is not available
* Suggestion: Run: 'Enable-WindowsOptionalFeature -Online -FeatureName Microsoft-Hyper-V-Tools -All'
* Documentation: https://www.altaro.com/hyper-v/install-hyper-v-powershell-module/
* Related issue: https://github.com/kubernetes/minikube/issues/9040

PS C:\Users\VibhorSharma\Desktop\minikube>
PS C:\Users\VibhorSharma\Desktop\minikube> minikube delete
* Removed all traces of the "minikube" cluster.
PS C:\Users\VibhorSharma\Desktop\minikube> minikube start --driver docker
* minikube v1.26.1 on Microsoft Windows 10 Enterprise 10.0.19044 Build 19044
* Using the docker driver based on user configuration
* Using Docker Desktop driver with root privileges
* Starting control plane node minikube in cluster minikube
* Pulling base image ...
* Creating docker container (CPUs=2, Memory=4000MB) ...
* Preparing Kubernetes v1.24.3 on Docker 20.10.17 ...
  - Generating certificates and keys ...
  - Booting up control plane ...
  - Configuring RBAC rules ...
* Verifying Kubernetes components...
  - Using image gcr.io/k8s-minikube/storage-provisioner:v5
* Enabled addons: storage-provisioner, default-storageclass

! C:\Program Files\Docker\Docker\resources\bin\kubectl.exe is version 1.19.7, which may have incompatibilites with Kubernetes 1.24.3.
  - Want kubectl v1.24.3? Try 'minikube kubectl -- get pods -A'
* Done! kubectl is now configured to use "minikube" cluster and "default" namespace by default
PS C:\Users\VibhorSharma\Desktop\minikube> kubctl apply -f mongo-config.yaml
kubctl : The term 'kubctl' is not recognized as the name of a cmdlet, function, script file, or operable program.
Check the spelling of the name, or if a path was included, verify that the path is correct and try again.
At line:1 char:1
+ kubctl apply -f mongo-config.yaml
+ ~~~~~~
    + CategoryInfo          : ObjectNotFound: (kubctl:String) [], CommandNotFoundException
    + FullyQualifiedErrorId : CommandNotFoundException

PS C:\Users\VibhorSharma\Desktop\minikube> kubectl apply -f mongo-config.yaml
configmap/mongo-config created
PS C:\Users\VibhorSharma\Desktop\minikube> kubectl apply -f mongo-secret.yaml
secret/mongo-secret created
PS C:\Users\VibhorSharma\Desktop\minikube> kubectl apply -f mongo.yaml
deployment.apps/mongo-deployment created
service/mongo-service created
PS C:\Users\VibhorSharma\Desktop\minikube> kubectl apply -f webapp.yaml
deployment.apps/webapp-deployment created
service/webapp-service created
PS C:\Users\VibhorSharma\Desktop\minikube> kubectl get pod
NAME                                 READY   STATUS              RESTARTS   AGE
mongo-deployment-7d4d5c9f6c-99jd6    0/1     ContainerCreating   0          13s
webapp-deployment-649d7fb885-rx4lm   0/1     ContainerCreating   0          6s
PS C:\Users\VibhorSharma\Desktop\minikube> kubectl get all
NAME                                     READY   STATUS              RESTARTS   AGE
pod/mongo-deployment-7d4d5c9f6c-99jd6    0/1     ContainerCreating   0          22s
pod/webapp-deployment-649d7fb885-rx4lm   0/1     ContainerCreating   0          15s

NAME                     TYPE        CLUSTER-IP       EXTERNAL-IP   PORT(S)          AGE
service/kubernetes       ClusterIP   10.96.0.1        <none>        443/TCP          79s
service/mongo-service    ClusterIP   10.104.229.211   <none>        27017/TCP        22s
service/webapp-service   NodePort    10.103.59.59     <none>        3000:30100/TCP   15s

NAME                                READY   UP-TO-DATE   AVAILABLE   AGE
deployment.apps/mongo-deployment    0/1     1            0           22s
deployment.apps/webapp-deployment   0/1     1            0           15s

NAME                                           DESIRED   CURRENT   READY   AGE
replicaset.apps/mongo-deployment-7d4d5c9f6c    1         1         0       22s
replicaset.apps/webapp-deployment-649d7fb885   1         1         0       15s
PS C:\Users\VibhorSharma\Desktop\minikube> minikube ip
192.168.49.2
PS C:\Users\VibhorSharma\Desktop\minikube> kubectl get node -o wide
NAME       STATUS   ROLES           AGE    VERSION   INTERNAL-IP    EXTERNAL-IP   OS-IMAGE             KERNEL-VERSION                       CONTAINER-RUNTIME
minikube   Ready    control-plane   117s   v1.24.3   192.168.49.2   <none>        Ubuntu 20.04.4 LTS   5.10.102.1-microsoft-standard-WSL2   docker://20.10.17
PS C:\Users\VibhorSharma\Desktop\minikube>